// Jest Snapshot v1, https://goo.gl/fbAQLP

exports[`AppRouter component Renders correctly 1`] = `
<div>
  View Home
</div>
`;
