// Jest Snapshot v1, https://goo.gl/fbAQLP

exports[`App component Renders correctly 1`] = `
<div>
  <div
    class="app-container"
  >
    Cmp AppRouter
    Cmp PWABadge
  </div>
</div>
`;
