// Jest Snapshot v1, https://goo.gl/fbAQLP

exports[`GameContext Provides data 1`] = `
<div>
  Stopped
</div>
`;
