// Jest Snapshot v1, https://goo.gl/fbAQLP

exports[`UserScoring component Renders correctly 1`] = `
<div>
  0
</div>
`;
