// Jest Snapshot v1, https://goo.gl/fbAQLP

exports[`Home component Renders correctly 1`] = `
<div>
  <div
    class="home-container"
  >
    <img
      alt=""
      class="home-logo"
      src="test-file-stub"
    />
    Cmp AccessForm
  </div>
</div>
`;
